#[define-syntax-rule.kl:88.33-88.36]<bar> : Syntax
